根据文档，以下武器的确定数（min）为2（即“二确”武器）：

1. **.52加仑**（确定数：2～4）
2. **.52加仑 装饰**（确定数：2～4）
3. **.96加仑 爪**（确定数：2～3）
4. **开尔文525**（滑步后确定数：2～4 → 二确）
5. **开尔文525 装饰**（滑步后确定数：2～4 → 二确）
6. **秩序泼桶 复制**（确定数：2）
7. **爆炸泼桶**（直击确定数：2）
8. **爆炸泼桶 改装**（直击确定数：2）
9. **回旋泼桶**（直击确定数：2）
10. **回旋泼桶 新型**（直击确定数：2）
11. **秩序防空伞 复制**（确定数：2）
12. **碳纤维滚筒**（涂抹推进确定数：2）
13. **碳纤维滚筒ANGL**（涂抹推进确定数：2）
14. **碳纤维滚筒 装饰**（涂抹推进确定数：2）
15. **巨齿刮水刀 墨黑**（直击确定数：2）
16. **巨齿刮水刀 薄荷**（直击确定数：2）
17. **消防栓旋转枪**（满蓄力确定数：3？ 注：此处为满蓄力3，非二确，故不列入。 但文档中消防栓满蓄力确定数为3，半蓄力为4，不符合二确。 已排除。）
18. **消防栓旋转枪 压**（同上，满蓄力3，非二确）
19. **消防栓旋转枪 改装**（同上，满蓄力3，非二确）

**注意**：根据规则，开尔文525系列虽然普通确定数为3～6，但滑步后min=2，因此归为二确。

---hit_files---

---tokens---
